// Jest Snapshot v1, https://goo.gl/fbAQLP

exports[`<TodoList /> should render properly 1`] = `
<div>
  <h1>
    Todo List
  </h1>
</div>
`;
